
==========================================================================
global place report_tns
--------------------------------------------------------------------------
tns 0.00

==========================================================================
global place report_wns
--------------------------------------------------------------------------
wns 0.00

==========================================================================
global place report_worst_slack
--------------------------------------------------------------------------
worst slack INF

==========================================================================
global place report_checks -path_delay min
--------------------------------------------------------------------------
No paths found.

==========================================================================
global place report_checks -path_delay max
--------------------------------------------------------------------------
No paths found.

==========================================================================
global place report_checks -unconstrained
--------------------------------------------------------------------------
Startpoint: b[16] (input port)
Endpoint: c[20] (output port)
Path Group: unconstrained
Path Type: max

Fanout     Cap    Slew   Delay    Time   Description
-----------------------------------------------------------------------------
                          0.00    0.00 v input external delay
     1    0.02    0.00    0.00    0.00 v b[16] (in)
                                         b[16] (net)
                  0.00    0.00    0.00 v _1747_/A (sky130_fd_sc_hs__clkbuf_2)
     8    0.04    0.14    0.16    0.16 v _1747_/X (sky130_fd_sc_hs__clkbuf_2)
                                         _0352_ (net)
                  0.14    0.00    0.16 v _1748_/A (sky130_fd_sc_hs__xnor2_1)
     1    0.00    0.10    0.14    0.30 ^ _1748_/Y (sky130_fd_sc_hs__xnor2_1)
                                         _0363_ (net)
                  0.10    0.00    0.30 ^ _1751_/C (sky130_fd_sc_hs__nand4_1)
     3    0.02    0.18    0.17    0.47 v _1751_/Y (sky130_fd_sc_hs__nand4_1)
                                         _0396_ (net)
                  0.18    0.00    0.47 v _1839_/A (sky130_fd_sc_hs__nor4b_1)
     2    0.02    0.53    0.51    0.98 ^ _1839_/Y (sky130_fd_sc_hs__nor4b_1)
                                         _0933_ (net)
                  0.53    0.00    0.98 ^ _1840_/C1 (sky130_fd_sc_hs__o211ai_1)
     2    0.01    0.17    0.18    1.16 v _1840_/Y (sky130_fd_sc_hs__o211ai_1)
                                         _0934_ (net)
                  0.17    0.00    1.16 v _1852_/A (sky130_fd_sc_hs__and2_2)
     5    0.03    0.06    0.17    1.33 v _1852_/X (sky130_fd_sc_hs__and2_2)
                                         _0946_ (net)
                  0.06    0.00    1.33 v _1862_/A2 (sky130_fd_sc_hs__a21oi_2)
     4    0.02    0.25    0.24    1.57 ^ _1862_/Y (sky130_fd_sc_hs__a21oi_2)
                                         _0956_ (net)
                  0.25    0.00    1.57 ^ _1863_/A (sky130_fd_sc_hs__buf_4)
    10    0.09    0.19    0.24    1.81 ^ _1863_/X (sky130_fd_sc_hs__buf_4)
                                         _0957_ (net)
                  0.19    0.00    1.81 ^ _1864_/A (sky130_fd_sc_hs__buf_8)
    10    0.07    0.09    0.15    1.96 ^ _1864_/X (sky130_fd_sc_hs__buf_8)
                                         _0958_ (net)
                  0.09    0.00    1.96 ^ _1935_/S (sky130_fd_sc_hs__mux2_1)
     2    0.01    0.07    0.22    2.18 v _1935_/X (sky130_fd_sc_hs__mux2_1)
                                         _1029_ (net)
                  0.07    0.00    2.18 v _1985_/A_N (sky130_fd_sc_hs__nand4b_1)
     4    0.02    0.21    0.22    2.40 v _1985_/Y (sky130_fd_sc_hs__nand4b_1)
                                         _1079_ (net)
                  0.21    0.00    2.40 v _2119_/A2 (sky130_fd_sc_hs__a211oi_2)
     3    0.01    0.20    0.25    2.66 ^ _2119_/Y (sky130_fd_sc_hs__a211oi_2)
                                         _1213_ (net)
                  0.20    0.00    2.66 ^ _2120_/A (sky130_fd_sc_hs__buf_2)
    10    0.04    0.16    0.19    2.85 ^ _2120_/X (sky130_fd_sc_hs__buf_2)
                                         _1214_ (net)
                  0.16    0.00    2.85 ^ _2355_/D (sky130_fd_sc_hs__nand4_1)
     7    0.03    0.34    0.30    3.15 v _2355_/Y (sky130_fd_sc_hs__nand4_1)
                                         _1449_ (net)
                  0.34    0.00    3.15 v _2371_/B2 (sky130_fd_sc_hs__o22ai_1)
     6    0.03    0.46    0.44    3.59 ^ _2371_/Y (sky130_fd_sc_hs__o22ai_1)
                                         _1465_ (net)
                  0.46    0.00    3.59 ^ _2557_/C (sky130_fd_sc_hs__nor4b_1)
     2    0.01    0.10    0.08    3.67 v _2557_/Y (sky130_fd_sc_hs__nor4b_1)
                                         _1651_ (net)
                  0.10    0.00    3.67 v _2562_/A (sky130_fd_sc_hs__nor3_1)
     2    0.01    0.26    0.26    3.93 ^ _2562_/Y (sky130_fd_sc_hs__nor3_1)
                                         _1656_ (net)
                  0.26    0.00    3.93 ^ _2688_/B1 (sky130_fd_sc_hs__o31ai_1)
     2    0.01    0.10    0.12    4.05 v _2688_/Y (sky130_fd_sc_hs__o31ai_1)
                                         _0081_ (net)
                  0.10    0.00    4.05 v _2690_/B1 (sky130_fd_sc_hs__a2111oi_1)
     3    0.01    0.51    0.47    4.52 ^ _2690_/Y (sky130_fd_sc_hs__a2111oi_1)
                                         _0083_ (net)
                  0.51    0.00    4.52 ^ _2691_/B (sky130_fd_sc_hs__nor2_1)
     5    0.02    0.15    0.16    4.68 v _2691_/Y (sky130_fd_sc_hs__nor2_1)
                                         _0084_ (net)
                  0.15    0.00    4.68 v _2862_/A1 (sky130_fd_sc_hs__a2111oi_1)
     1    0.00    0.23    0.25    4.93 ^ _2862_/Y (sky130_fd_sc_hs__a2111oi_1)
                                         _0272_ (net)
                  0.23    0.00    4.93 ^ _2863_/C1 (sky130_fd_sc_hs__a311o_1)
     6    0.04    0.27    0.27    5.20 ^ _2863_/X (sky130_fd_sc_hs__a311o_1)
                                         _0273_ (net)
                  0.27    0.00    5.20 ^ _2864_/C (sky130_fd_sc_hs__nor3_4)
     6    0.03    0.14    0.13    5.33 v _2864_/Y (sky130_fd_sc_hs__nor3_4)
                                         _0274_ (net)
                  0.14    0.00    5.33 v _2865_/B (sky130_fd_sc_hs__nand2_4)
     8    0.04    0.17    0.19    5.52 ^ _2865_/Y (sky130_fd_sc_hs__nand2_4)
                                         _0276_ (net)
                  0.17    0.00    5.52 ^ _2986_/B (sky130_fd_sc_hs__nor3b_1)
     2    0.01    0.05    0.06    5.58 v _2986_/Y (sky130_fd_sc_hs__nor3b_1)
                                         _0409_ (net)
                  0.05    0.00    5.58 v _2988_/A1 (sky130_fd_sc_hs__a21o_1)
     1    0.00    0.03    0.12    5.70 v _2988_/X (sky130_fd_sc_hs__a21o_1)
                                         _0411_ (net)
                  0.03    0.00    5.70 v _2989_/A (sky130_fd_sc_hs__buf_2)
     9    0.04    0.08    0.14    5.84 v _2989_/X (sky130_fd_sc_hs__buf_2)
                                         _0412_ (net)
                  0.08    0.00    5.84 v _3031_/A2 (sky130_fd_sc_hs__o41a_1)
     1    0.01    0.05    0.30    6.13 v _3031_/X (sky130_fd_sc_hs__o41a_1)
                                         _0458_ (net)
                  0.05    0.00    6.13 v _3032_/B1 (sky130_fd_sc_hs__a21oi_2)
    10    0.04    0.42    0.32    6.46 ^ _3032_/Y (sky130_fd_sc_hs__a21oi_2)
                                         _0459_ (net)
                  0.42    0.00    6.46 ^ _3044_/A (sky130_fd_sc_hs__inv_2)
     8    0.04    0.14    0.15    6.61 v _3044_/Y (sky130_fd_sc_hs__inv_2)
                                         _0472_ (net)
                  0.14    0.00    6.61 v _3045_/B2 (sky130_fd_sc_hs__o32a_1)
     1    0.00    0.05    0.15    6.75 v _3045_/X (sky130_fd_sc_hs__o32a_1)
                                         _0474_ (net)
                  0.05    0.00    6.75 v _3053_/B1 (sky130_fd_sc_hs__o221a_1)
     2    0.02    0.09    0.22    6.98 v _3053_/X (sky130_fd_sc_hs__o221a_1)
                                         _0482_ (net)
                  0.09    0.00    6.98 v _3076_/A2 (sky130_fd_sc_hs__a41oi_4)
     9    0.04    0.29    0.26    7.24 ^ _3076_/Y (sky130_fd_sc_hs__a41oi_4)
                                         _0508_ (net)
                  0.29    0.00    7.24 ^ _3077_/S (sky130_fd_sc_hs__mux2i_1)
     4    0.02    0.37    0.35    7.58 ^ _3077_/Y (sky130_fd_sc_hs__mux2i_1)
                                         _0509_ (net)
                  0.37    0.00    7.58 ^ _3131_/A (sky130_fd_sc_hs__buf_2)
    10    0.05    0.23    0.25    7.83 ^ _3131_/X (sky130_fd_sc_hs__buf_2)
                                         _0567_ (net)
                  0.23    0.00    7.83 ^ _3248_/S (sky130_fd_sc_hs__mux2i_1)
     4    0.02    0.15    0.15    7.99 v _3248_/Y (sky130_fd_sc_hs__mux2i_1)
                                         _0687_ (net)
                  0.15    0.00    7.99 v _3271_/B1 (sky130_fd_sc_hs__a22oi_1)
     2    0.01    0.18    0.18    8.17 ^ _3271_/Y (sky130_fd_sc_hs__a22oi_1)
                                         _0710_ (net)
                  0.18    0.00    8.17 ^ _3272_/A3 (sky130_fd_sc_hs__a31oi_1)
     1    0.00    0.09    0.09    8.26 v _3272_/Y (sky130_fd_sc_hs__a31oi_1)
                                         _0711_ (net)
                  0.09    0.00    8.26 v _3273_/B1 (sky130_fd_sc_hs__a211oi_1)
     3    0.02    0.52    0.44    8.70 ^ _3273_/Y (sky130_fd_sc_hs__a211oi_1)
                                         _0712_ (net)
                  0.52    0.00    8.70 ^ _3294_/D (sky130_fd_sc_hs__nand4_1)
     3    0.02    0.21    0.21    8.91 v _3294_/Y (sky130_fd_sc_hs__nand4_1)
                                         _0733_ (net)
                  0.21    0.00    8.91 v _3325_/B1 (sky130_fd_sc_hs__a2111oi_4)
     4    0.02    0.32    0.36    9.28 ^ _3325_/Y (sky130_fd_sc_hs__a2111oi_4)
                                         _0765_ (net)
                  0.32    0.00    9.28 ^ _3375_/A (sky130_fd_sc_hs__and3_1)
     1    0.00    0.06    0.14    9.42 ^ _3375_/X (sky130_fd_sc_hs__and3_1)
                                         _0816_ (net)
                  0.06    0.00    9.42 ^ _3376_/B (sky130_fd_sc_hs__xnor2_1)
     1    0.01    0.19    0.12    9.53 ^ _3376_/Y (sky130_fd_sc_hs__xnor2_1)
                                         c[20] (net)
                  0.19    0.00    9.54 ^ c[20] (out)
                                  9.54   data arrival time
-----------------------------------------------------------------------------
(Path is unconstrained)



==========================================================================
global place report_power
--------------------------------------------------------------------------
Group                  Internal  Switching    Leakage      Total
                          Power      Power      Power      Power (Watts)
----------------------------------------------------------------
Sequential             0.00e+00   0.00e+00   0.00e+00   0.00e+00   0.0%
Combinational          5.29e-11   3.31e-11   1.58e-07   1.58e-07 100.0%
Clock                  0.00e+00   0.00e+00   0.00e+00   0.00e+00   0.0%
Macro                  0.00e+00   0.00e+00   0.00e+00   0.00e+00   0.0%
Pad                    0.00e+00   0.00e+00   0.00e+00   0.00e+00   0.0%
----------------------------------------------------------------
Total                  5.29e-11   3.31e-11   1.58e-07   1.58e-07 100.0%
                           0.0%       0.0%      99.9%
