
==========================================================================
resizer report_tns
--------------------------------------------------------------------------
tns 0.00

==========================================================================
resizer report_wns
--------------------------------------------------------------------------
wns 0.00

==========================================================================
resizer report_worst_slack
--------------------------------------------------------------------------
worst slack INF

==========================================================================
resizer report_checks -path_delay min
--------------------------------------------------------------------------
No paths found.

==========================================================================
resizer report_checks -path_delay max
--------------------------------------------------------------------------
No paths found.

==========================================================================
resizer report_checks -unconstrained
--------------------------------------------------------------------------
Startpoint: b[27] (input port)
Endpoint: c[18] (output port)
Path Group: unconstrained
Path Type: max

Fanout     Cap    Slew   Delay    Time   Description
-----------------------------------------------------------------------------
                          0.00    0.00 ^ input external delay
     1    0.00    0.00    0.00    0.00 ^ b[27] (in)
                                         b[27] (net)
                  0.00    0.00    0.00 ^ input33/A (sky130_fd_sc_hs__dlygate4sd1_1)
     7    0.08    0.54    0.48    0.48 ^ input33/X (sky130_fd_sc_hs__dlygate4sd1_1)
                                         net33 (net)
                  0.54    0.01    0.48 ^ _1721_/B (sky130_fd_sc_hs__xnor2_4)
     6    0.04    0.25    0.25    0.74 ^ _1721_/Y (sky130_fd_sc_hs__xnor2_4)
                                         _0066_ (net)
                  0.25    0.00    0.74 ^ _1726_/B (sky130_fd_sc_hs__nand4_2)
     3    0.03    0.24    0.24    0.98 v _1726_/Y (sky130_fd_sc_hs__nand4_2)
                                         _0121_ (net)
                  0.24    0.00    0.98 v _1742_/B (sky130_fd_sc_hs__nor4_4)
     3    0.03    0.39    0.41    1.39 ^ _1742_/Y (sky130_fd_sc_hs__nor4_4)
                                         _0297_ (net)
                  0.39    0.00    1.39 ^ _1743_/A (sky130_fd_sc_hs__inv_2)
     2    0.02    0.09    0.08    1.47 v _1743_/Y (sky130_fd_sc_hs__inv_2)
                                         _0308_ (net)
                  0.09    0.00    1.47 v _1812_/A1 (sky130_fd_sc_hs__o21a_4)
     5    0.05    0.07    0.23    1.70 v _1812_/X (sky130_fd_sc_hs__o21a_4)
                                         _0906_ (net)
                  0.07    0.00    1.70 v _1862_/A1 (sky130_fd_sc_hs__a21oi_4)
     4    0.03    0.18    0.18    1.88 ^ _1862_/Y (sky130_fd_sc_hs__a21oi_4)
                                         _0956_ (net)
                  0.18    0.00    1.88 ^ _1863_/A (sky130_fd_sc_hs__buf_8)
    10    0.12    0.14    0.18    2.06 ^ _1863_/X (sky130_fd_sc_hs__buf_8)
                                         _0957_ (net)
                  0.14    0.00    2.06 ^ _1864_/A (sky130_fd_sc_hs__buf_8)
    10    0.12    0.14    0.17    2.23 ^ _1864_/X (sky130_fd_sc_hs__buf_8)
                                         _0958_ (net)
                  0.14    0.00    2.24 ^ _1935_/S (sky130_fd_sc_hs__mux2_1)
     2    0.01    0.07    0.23    2.46 v _1935_/X (sky130_fd_sc_hs__mux2_1)
                                         _1029_ (net)
                  0.07    0.00    2.46 v _1936_/A4 (sky130_fd_sc_hs__o41ai_1)
     1    0.01    0.39    0.31    2.77 ^ _1936_/Y (sky130_fd_sc_hs__o41ai_1)
                                         _1030_ (net)
                  0.39    0.00    2.77 ^ _1937_/B (sky130_fd_sc_hs__nand2_4)
     4    0.02    0.09    0.09    2.86 v _1937_/Y (sky130_fd_sc_hs__nand2_4)
                                         _1031_ (net)
                  0.09    0.00    2.86 v _1942_/C (sky130_fd_sc_hs__and3_1)
     2    0.02    0.08    0.17    3.03 v _1942_/X (sky130_fd_sc_hs__and3_1)
                                         _1036_ (net)
                  0.08    0.00    3.03 v _1984_/B (sky130_fd_sc_hs__nor3_4)
     9    0.07    0.52    0.43    3.46 ^ _1984_/Y (sky130_fd_sc_hs__nor3_4)
                                         _1078_ (net)
                  0.52    0.00    3.46 ^ _2385_/B1 (sky130_fd_sc_hs__o31ai_4)
     9    0.07    0.26    0.28    3.74 v _2385_/Y (sky130_fd_sc_hs__o31ai_4)
                                         _1479_ (net)
                  0.26    0.00    3.74 v _2477_/B (sky130_fd_sc_hs__or4_1)
     1    0.01    0.08    0.34    4.08 v _2477_/X (sky130_fd_sc_hs__or4_1)
                                         _1571_ (net)
                  0.08    0.00    4.08 v _2489_/A2 (sky130_fd_sc_hs__a32oi_4)
     2    0.01    0.18    0.20    4.28 ^ _2489_/Y (sky130_fd_sc_hs__a32oi_4)
                                         _1583_ (net)
                  0.18    0.00    4.28 ^ _2492_/A (sky130_fd_sc_hs__nand2_2)
     3    0.02    0.09    0.11    4.38 v _2492_/Y (sky130_fd_sc_hs__nand2_2)
                                         _1586_ (net)
                  0.09    0.00    4.38 v _2692_/B1 (sky130_fd_sc_hs__a2111oi_4)
     4    0.02    0.37    0.37    4.75 ^ _2692_/Y (sky130_fd_sc_hs__a2111oi_4)
                                         _0085_ (net)
                  0.37    0.00    4.75 ^ _2697_/A1 (sky130_fd_sc_hs__o2111ai_2)
     6    0.04    0.31    0.31    5.06 v _2697_/Y (sky130_fd_sc_hs__o2111ai_2)
                                         _0091_ (net)
                  0.31    0.00    5.06 v _2905_/A3 (sky130_fd_sc_hs__o311ai_2)
     2    0.02    0.41    0.42    5.48 ^ _2905_/Y (sky130_fd_sc_hs__o311ai_2)
                                         _0320_ (net)
                  0.41    0.00    5.48 ^ _2907_/B1 (sky130_fd_sc_hs__o22ai_4)
     4    0.04    0.14    0.16    5.64 v _2907_/Y (sky130_fd_sc_hs__o22ai_4)
                                         _0322_ (net)
                  0.14    0.00    5.65 v _2931_/C (sky130_fd_sc_hs__nor3_4)
    10    0.06    0.48    0.38    6.03 ^ _2931_/Y (sky130_fd_sc_hs__nor3_4)
                                         _0348_ (net)
                  0.48    0.00    6.03 ^ _2942_/C_N (sky130_fd_sc_hs__nor3b_4)
     4    0.02    0.25    0.30    6.33 ^ _2942_/Y (sky130_fd_sc_hs__nor3b_4)
                                         _0360_ (net)
                  0.25    0.00    6.33 ^ _2957_/A2 (sky130_fd_sc_hs__o31ai_4)
     5    0.02    0.10    0.10    6.43 v _2957_/Y (sky130_fd_sc_hs__o31ai_4)
                                         _0377_ (net)
                  0.10    0.00    6.43 v _2958_/B1 (sky130_fd_sc_hs__a31o_1)
     2    0.01    0.07    0.19    6.62 v _2958_/X (sky130_fd_sc_hs__a31o_1)
                                         _0378_ (net)
                  0.07    0.00    6.62 v _2981_/A1 (sky130_fd_sc_hs__a21oi_4)
    10    0.07    0.35    0.30    6.92 ^ _2981_/Y (sky130_fd_sc_hs__a21oi_4)
                                         _0403_ (net)
                  0.35    0.00    6.92 ^ _2990_/B (sky130_fd_sc_hs__nor2_8)
     7    0.03    0.09    0.10    7.02 v _2990_/Y (sky130_fd_sc_hs__nor2_8)
                                         _0413_ (net)
                  0.09    0.00    7.02 v _3059_/A (sky130_fd_sc_hs__xor2_1)
     1    0.01    0.06    0.13    7.15 v _3059_/X (sky130_fd_sc_hs__xor2_1)
                                         _0489_ (net)
                  0.06    0.00    7.15 v _3069_/A3 (sky130_fd_sc_hs__o311ai_2)
     4    0.03    0.51    0.41    7.56 ^ _3069_/Y (sky130_fd_sc_hs__o311ai_2)
                                         _0500_ (net)
                  0.51    0.00    7.56 ^ _3071_/B2 (sky130_fd_sc_hs__o221ai_4)
     2    0.02    0.16    0.17    7.73 v _3071_/Y (sky130_fd_sc_hs__o221ai_4)
                                         _0502_ (net)
                  0.16    0.00    7.73 v _3076_/A4 (sky130_fd_sc_hs__a41oi_4)
     9    0.09    0.51    0.47    8.20 ^ _3076_/Y (sky130_fd_sc_hs__a41oi_4)
                                         _0508_ (net)
                  0.51    0.00    8.20 ^ _3077_/S (sky130_fd_sc_hs__mux2i_4)
     4    0.05    0.35    0.40    8.61 ^ _3077_/Y (sky130_fd_sc_hs__mux2i_4)
                                         _0509_ (net)
                  0.35    0.00    8.61 ^ _3131_/A (sky130_fd_sc_hs__buf_8)
    10    0.12    0.14    0.19    8.80 ^ _3131_/X (sky130_fd_sc_hs__buf_8)
                                         _0567_ (net)
                  0.14    0.00    8.80 ^ _3242_/S (sky130_fd_sc_hs__mux2i_4)
     4    0.03    0.17    0.10    8.90 v _3242_/Y (sky130_fd_sc_hs__mux2i_4)
                                         _0680_ (net)
                  0.17    0.00    8.90 v _3262_/A2 (sky130_fd_sc_hs__a22o_1)
     1    0.01    0.06    0.23    9.13 v _3262_/X (sky130_fd_sc_hs__a22o_1)
                                         _0700_ (net)
                  0.06    0.00    9.13 v _3263_/C1 (sky130_fd_sc_hs__a221oi_4)
     2    0.01    0.26    0.20    9.34 ^ _3263_/Y (sky130_fd_sc_hs__a221oi_4)
                                         _0701_ (net)
                  0.26    0.00    9.34 ^ _3264_/A1 (sky130_fd_sc_hs__mux2_1)
     2    0.01    0.10    0.18    9.52 ^ _3264_/X (sky130_fd_sc_hs__mux2_1)
                                         _0702_ (net)
                  0.10    0.00    9.52 ^ _3294_/C (sky130_fd_sc_hs__nand4_2)
     3    0.02    0.15    0.14    9.65 v _3294_/Y (sky130_fd_sc_hs__nand4_2)
                                         _0733_ (net)
                  0.15    0.00    9.65 v _3325_/B1 (sky130_fd_sc_hs__a2111oi_4)
     4    0.02    0.35    0.37   10.02 ^ _3325_/Y (sky130_fd_sc_hs__a2111oi_4)
                                         _0765_ (net)
                  0.35    0.00   10.02 ^ _3351_/A (sky130_fd_sc_hs__nand2_1)
     1    0.01    0.11    0.12   10.14 v _3351_/Y (sky130_fd_sc_hs__nand2_1)
                                         _0791_ (net)
                  0.11    0.00   10.14 v _3352_/B (sky130_fd_sc_hs__xnor2_2)
     1    0.01    0.08    0.16   10.29 v _3352_/Y (sky130_fd_sc_hs__xnor2_2)
                                         net51 (net)
                  0.08    0.00   10.29 v output51/A (sky130_fd_sc_hs__dlygate4sd1_1)
     1    0.00    0.02    0.19   10.48 v output51/X (sky130_fd_sc_hs__dlygate4sd1_1)
                                         c[18] (net)
                  0.02    0.00   10.48 v c[18] (out)
                                 10.48   data arrival time
-----------------------------------------------------------------------------
(Path is unconstrained)



==========================================================================
resizer report_check_types -max_slew -max_cap -max_fanout -violators
--------------------------------------------------------------------------

==========================================================================
resizer max_slew_check_slack
--------------------------------------------------------------------------
0.3869091868400574

==========================================================================
resizer max_slew_check_limit
--------------------------------------------------------------------------
1.0

==========================================================================
resizer max_slew_check_slack_limit
--------------------------------------------------------------------------
0.3869

==========================================================================
resizer max_fanout_check_slack
--------------------------------------------------------------------------
1.0000000150474662e+30

==========================================================================
resizer max_fanout_check_limit
--------------------------------------------------------------------------
1.0000000150474662e+30

==========================================================================
resizer max_capacitance_check_slack
--------------------------------------------------------------------------
0.021694649010896683

==========================================================================
resizer max_capacitance_check_limit
--------------------------------------------------------------------------
0.031050002202391624

==========================================================================
resizer max_capacitance_check_slack_limit
--------------------------------------------------------------------------
0.6987

==========================================================================
resizer max_slew_violation_count
--------------------------------------------------------------------------
max slew violation count 0

==========================================================================
resizer max_fanout_violation_count
--------------------------------------------------------------------------
max fanout violation count 0

==========================================================================
resizer max_cap_violation_count
--------------------------------------------------------------------------
max cap violation count 0

==========================================================================
resizer setup_violation_count
--------------------------------------------------------------------------
setup violation count 0

==========================================================================
resizer hold_violation_count
--------------------------------------------------------------------------
hold violation count 0

==========================================================================
resizer critical path delay
--------------------------------------------------------------------------
-1

==========================================================================
resizer critical path slack
--------------------------------------------------------------------------
0

==========================================================================
resizer slack div critical path delay
--------------------------------------------------------------------------
0.000000

==========================================================================
resizer report_power
--------------------------------------------------------------------------
Group                  Internal  Switching    Leakage      Total
                          Power      Power      Power      Power (Watts)
----------------------------------------------------------------
Sequential             0.00e+00   0.00e+00   0.00e+00   0.00e+00   0.0%
Combinational          1.02e-10   4.97e-11   1.46e-07   1.46e-07 100.0%
Clock                  0.00e+00   0.00e+00   0.00e+00   0.00e+00   0.0%
Macro                  0.00e+00   0.00e+00   0.00e+00   0.00e+00   0.0%
Pad                    0.00e+00   0.00e+00   0.00e+00   0.00e+00   0.0%
----------------------------------------------------------------
Total                  1.02e-10   4.97e-11   1.46e-07   1.46e-07 100.0%
                           0.1%       0.0%      99.9%
